======================================================================
  데이터 로딩
======================================================================
  train days=90, test days=30

######################################################################
  (A) 방법7 그대로 — W2_eff = W2*4 (가중치 보정 있음)
######################################################################

--- A-lam0 (weight_correction=True, lam=0.0) ---
  nRMSE=36.3196%  Gap=14.5466%  TotalRegret=31068.39  CVaR90=496.68  MaxRegret=1948.59

--- A-lam0.05 (weight_correction=True, lam=0.05) ---
  nRMSE=36.3278%  Gap=14.5284%  TotalRegret=31029.56  CVaR90=495.53  MaxRegret=1935.18
  시간대별 objective 계수 범위(1개 대표=hour0): sc=[-19.11,60.85] yc=[112.54,195.28] obj_zeta=4.5000 obj_s(각 표본당)=0.5000
  시간대별 ζ(zeta): [11.476, 14.157, 8.82, 8.402, 5.343, 4.011, 3.957, 3.81, 2.469, 0.772, 0.185, 0.032]
  시간대별 tail 활성 표본 수(s_i>0): [8, 8, 8, 8, 8, 8, 8, 8, 8, 8, 8, 8] / (시간당 n_obs=90)

  [A] λ=0→0.05 변화: ΔnRMSE=+0.0082%p  ΔGap=-0.0182%p  ΔTotalRegret=-0.125%  ΔCVaR90=-0.230%

######################################################################
  (B) 원본 참고코드처럼 — W2_eff = W2 (가중치 보정 없음, §10.2 단계)
######################################################################

--- B-lam0 (weight_correction=False, lam=0.0) ---
  nRMSE=37.8490%  Gap=14.3865%  TotalRegret=30726.42  CVaR90=487.53  MaxRegret=1554.94

--- B-lam0.05 (weight_correction=False, lam=0.05) ---
  nRMSE=36.6636%  Gap=12.8891%  TotalRegret=27528.66  CVaR90=438.48  MaxRegret=1314.45
  시간대별 objective 계수 범위(1개 대표=hour0): sc=[-79.11,0.85] yc=[52.54,135.28] obj_zeta=4.5000 obj_s(각 표본당)=0.5000
  시간대별 ζ(zeta): [7.448, 13.006, 8.208, 6.147, 4.962, 3.695, 3.875, 3.793, 2.009, 0.629, 0.186, 0.026]
  시간대별 tail 활성 표본 수(s_i>0): [8, 8, 8, 8, 8, 8, 8, 8, 8, 8, 8, 8] / (시간당 n_obs=90)

  [B] λ=0→0.05 변화: ΔnRMSE=-1.1854%p  ΔGap=-1.4974%p  ΔTotalRegret=-10.407%  ΔCVaR90=-10.061%

######################################################################
  (C) 보정 있음(A) 상태에서 λ를 훨씬 크게 — CVaR가 W2_eff=80을 이길 수 있는가?
######################################################################

--- A-lam0.5 (weight_correction=True, lam=0.5) ---
  nRMSE=38.8769%  Gap=13.4506%  TotalRegret=28727.71  CVaR90=448.86  MaxRegret=1381.31
  시간대별 objective 계수 범위(1개 대표=hour0): sc=[-19.11,60.85] yc=[112.54,195.28] obj_zeta=45.0000 obj_s(각 표본당)=5.0000
  시간대별 ζ(zeta): [8.105, 13.548, 8.441, 6.717, 4.936, 3.695, 3.885, 3.744, 2.328, 0.617, 0.19, 0.024]
  시간대별 tail 활성 표본 수(s_i>0): [8, 8, 7, 8, 8, 8, 8, 8, 8, 8, 8, 8] / (시간당 n_obs=90)
  [A,λ=0.5] λ=0 대비: ΔnRMSE=+2.5573%p  ΔGap=-1.0960%p  ΔTotalRegret=-7.534%  ΔCVaR90=-9.627%

--- A-lam2.0 (weight_correction=True, lam=2.0) ---
  nRMSE=54.1622%  Gap=12.0076%  TotalRegret=25646.21  CVaR90=347.53  MaxRegret=1009.72
  시간대별 objective 계수 범위(1개 대표=hour0): sc=[-19.11,60.85] yc=[112.54,195.28] obj_zeta=180.0000 obj_s(각 표본당)=20.0000
  시간대별 ζ(zeta): [6.186, 8.488, 5.823, 4.756, 4.496, 3.55, 3.009, 3.0, 1.562, 0.585, 0.192, 0.019]
  시간대별 tail 활성 표본 수(s_i>0): [5, 6, 6, 8, 7, 7, 8, 7, 8, 8, 8, 8] / (시간당 n_obs=90)
  [A,λ=2.0] λ=0 대비: ΔnRMSE=+17.8426%p  ΔGap=-2.5390%p  ΔTotalRegret=-17.452%  ΔCVaR90=-30.028%

--- A-lam5.0 (weight_correction=True, lam=5.0) ---
  nRMSE=60.6329%  Gap=12.3086%  TotalRegret=26288.90  CVaR90=366.71  MaxRegret=1021.69
  시간대별 objective 계수 범위(1개 대표=hour0): sc=[-19.11,60.85] yc=[112.54,195.28] obj_zeta=450.0000 obj_s(각 표본당)=50.0000
  시간대별 ζ(zeta): [5.389, 7.892, 5.836, 5.322, 4.012, 3.425, 3.715, 2.403, 1.695, 0.595, 0.16, 0.016]
  시간대별 tail 활성 표본 수(s_i>0): [6, 4, 4, 5, 6, 5, 5, 4, 7, 7, 7, 6] / (시간당 n_obs=90)
  [A,λ=5.0] λ=0 대비: ΔnRMSE=+24.3133%p  ΔGap=-2.2380%p  ΔTotalRegret=-15.384%  ΔCVaR90=-26.168%

--- A-lam10.0 (weight_correction=True, lam=10.0) ---
  nRMSE=62.2352%  Gap=13.0310%  TotalRegret=27831.75  CVaR90=377.92  MaxRegret=1019.17
  시간대별 objective 계수 범위(1개 대표=hour0): sc=[-19.11,60.85] yc=[112.54,195.28] obj_zeta=900.0000 obj_s(각 표본당)=100.0000
  시간대별 ζ(zeta): [5.213, 7.895, 6.443, 5.422, 4.09, 3.041, 3.824, 2.255, 2.753, 0.579, 0.15, 0.012]
  시간대별 tail 활성 표본 수(s_i>0): [5, 4, 5, 5, 6, 5, 4, 6, 6, 6, 8, 7] / (시간당 n_obs=90)
  [A,λ=10.0] λ=0 대비: ΔnRMSE=+25.9156%p  ΔGap=-1.5156%p  ΔTotalRegret=-10.418%  ΔCVaR90=-23.909%

======================================================================
  결론 요약은 아래 로그 파일 전체를 보고 판단할 것:
  D:\03_JiWon\JiWonProject\temp_debug_cvar_weight_dilution.log
======================================================================
