데이터: train 90일, test 30일, AR 12시간대, MLR n_obs=1080

==========================================================================================
Fig.3 (AR, W1/W2 10점, rate=0.5)
==========================================================================================
[Fig.3] AR 1/20   W1=1,W2=20,rate=0.5  maxΔβ=1.426e-13  nRMSE(pm=35.011,rg=35.011,Δ=+0.0000)  Gap(pm=14.063,rg=14.063,Δ=+0.0000)  [OK]  (0.3s)
[Fig.3] AR 1/10   W1=1,W2=10,rate=0.5  maxΔβ=4.867e-13  nRMSE(pm=36.747,rg=36.747,Δ=-0.0000)  Gap(pm=14.696,rg=14.696,Δ=+0.0000)  [OK]  (0.3s)
[Fig.3] AR 1/5    W1=1,W2=5,rate=0.5  maxΔβ=2.061e-13  nRMSE(pm=37.470,rg=37.470,Δ=+0.0000)  Gap(pm=14.452,rg=14.452,Δ=+0.0000)  [OK]  (0.2s)
[Fig.3] AR 1/2    W1=1,W2=2,rate=0.5  maxΔβ=5.601e-06  nRMSE(pm=42.033,rg=42.033,Δ=-0.0000)  Gap(pm=13.748,rg=13.748,Δ=+0.0000)  [MISMATCH!!]  (0.3s)
[Fig.3] AR 1/1    W1=1,W2=1,rate=0.5  maxΔβ=2.522e-13  nRMSE(pm=43.175,rg=43.175,Δ=-0.0000)  Gap(pm=13.280,rg=13.280,Δ=+0.0000)  [OK]  (0.3s)
[Fig.3] AR 2/1    W1=2,W2=1,rate=0.5  maxΔβ=2.220e-13  nRMSE(pm=49.518,rg=49.518,Δ=+0.0000)  Gap(pm=10.645,rg=10.645,Δ=+0.0000)  [OK]  (0.3s)
[Fig.3] AR 5/1    W1=5,W2=1,rate=0.5  maxΔβ=3.411e-13  nRMSE(pm=64.627,rg=64.627,Δ=-0.0000)  Gap(pm=11.227,rg=11.227,Δ=+0.0000)  [OK]  (0.2s)
[Fig.3] AR 10/1   W1=10,W2=1,rate=0.5  maxΔβ=2.478e-13  nRMSE(pm=66.789,rg=66.789,Δ=+0.0000)  Gap(pm=11.135,rg=11.135,Δ=+0.0000)  [OK]  (0.2s)
[Fig.3] AR 20/1   W1=20,W2=1,rate=0.5  maxΔβ=2.238e-13  nRMSE(pm=66.345,rg=66.345,Δ=+0.0000)  Gap(pm=11.172,rg=11.172,Δ=-0.0000)  [OK]  (0.3s)
[Fig.3] AR 1/0    W1=1,W2=0,rate=0.5  maxΔβ=3.291e-13  nRMSE(pm=65.681,rg=65.681,Δ=-0.0000)  Gap(pm=10.959,rg=10.959,Δ=-0.0000)  [OK]  (0.2s)

==========================================================================================
Fig.5 (AR, rate 11점, W1=W2=1)
==========================================================================================
[Fig.5] AR 0%     W1=1,W2=1,rate=0.0  maxΔβ=2.043e-13  nRMSE(pm=46.604,rg=46.604,Δ=-0.0000)  Gap(pm=13.526,rg=13.526,Δ=+0.0000)  [OK]  (0.3s)
[Fig.5] AR 10%    W1=1,W2=1,rate=0.1  maxΔβ=2.964e-13  nRMSE(pm=40.404,rg=40.404,Δ=+0.0000)  Gap(pm=11.673,rg=11.673,Δ=+0.0000)  [OK]  (0.3s)
[Fig.5] AR 20%    W1=1,W2=1,rate=0.2  maxΔβ=1.750e-13  nRMSE(pm=43.264,rg=43.264,Δ=+0.0000)  Gap(pm=10.936,rg=10.936,Δ=+0.0000)  [OK]  (0.3s)
[Fig.5] AR 30%    W1=1,W2=1,rate=0.3  maxΔβ=3.786e-06  nRMSE(pm=44.190,rg=44.190,Δ=+0.0000)  Gap(pm=11.294,rg=11.294,Δ=-0.0000)  [MISMATCH!!]  (0.2s)
[Fig.5] AR 40%    W1=1,W2=1,rate=0.4  maxΔβ=1.101e-13  nRMSE(pm=44.315,rg=44.315,Δ=-0.0000)  Gap(pm=12.227,rg=12.227,Δ=-0.0000)  [OK]  (0.2s)
[Fig.5] AR 50%    W1=1,W2=1,rate=0.5  maxΔβ=2.522e-13  nRMSE(pm=43.175,rg=43.175,Δ=-0.0000)  Gap(pm=13.280,rg=13.280,Δ=+0.0000)  [OK]  (0.2s)
[Fig.5] AR 60%    W1=1,W2=1,rate=0.6  maxΔβ=5.879e-08  nRMSE(pm=43.027,rg=43.027,Δ=+0.0000)  Gap(pm=11.993,rg=11.993,Δ=-0.0000)  [OK]  (0.2s)
[Fig.5] AR 70%    W1=1,W2=1,rate=0.7  maxΔβ=8.369e-08  nRMSE(pm=45.339,rg=45.339,Δ=+0.0000)  Gap(pm=12.198,rg=12.198,Δ=-0.0000)  [OK]  (0.2s)
[Fig.5] AR 80%    W1=1,W2=1,rate=0.8  maxΔβ=9.037e-14  nRMSE(pm=47.821,rg=47.821,Δ=-0.0000)  Gap(pm=11.611,rg=11.611,Δ=+0.0000)  [OK]  (0.2s)
[Fig.5] AR 90%    W1=1,W2=1,rate=0.9  maxΔβ=8.233e-06  nRMSE(pm=48.569,rg=48.569,Δ=-0.0000)  Gap(pm=11.950,rg=11.950,Δ=-0.0000)  [MISMATCH!!]  (0.3s)
[Fig.5] AR 100%   W1=1,W2=1,rate=1.0  maxΔβ=2.363e-13  nRMSE(pm=52.599,rg=52.599,Δ=-0.0000)  Gap(pm=12.249,rg=12.249,Δ=+0.0000)  [OK]  (0.3s)

==========================================================================================
Fig.6 (MLR, W1/W2 10점, rate=0.5)
==========================================================================================
[Fig.6] MLR 1/20   W1=1,W2=20,rate=0.5  maxΔβ=5.551e-17  nRMSE(pm=24.017,rg=24.017,Δ=+0.0000)  Gap(pm=11.435,rg=11.435,Δ=+0.0000)  [OK]  (0.5s)
[Fig.6] MLR 1/10   W1=1,W2=10,rate=0.5  maxΔβ=0.000e+00  nRMSE(pm=23.827,rg=23.827,Δ=+0.0000)  Gap(pm=11.270,rg=11.270,Δ=+0.0000)  [OK]  (0.5s)
[Fig.6] MLR 1/5    W1=1,W2=5,rate=0.5  maxΔβ=0.000e+00  nRMSE(pm=23.554,rg=23.554,Δ=+0.0000)  Gap(pm=11.111,rg=11.111,Δ=+0.0000)  [OK]  (0.5s)
[Fig.6] MLR 1/2    W1=1,W2=2,rate=0.5  maxΔβ=1.943e-16  nRMSE(pm=23.038,rg=23.038,Δ=+0.0000)  Gap(pm=10.776,rg=10.776,Δ=+0.0000)  [OK]  (0.5s)
[Fig.6] MLR 1/1    W1=1,W2=1,rate=0.5  maxΔβ=1.110e-16  nRMSE(pm=23.420,rg=23.420,Δ=-0.0000)  Gap(pm=10.474,rg=10.474,Δ=+0.0000)  [OK]  (0.5s)
[Fig.6] MLR 2/1    W1=2,W2=1,rate=0.5  maxΔβ=4.302e-16  nRMSE(pm=26.591,rg=26.591,Δ=+0.0000)  Gap(pm=10.287,rg=10.287,Δ=+0.0000)  [OK]  (0.6s)
[Fig.6] MLR 5/1    W1=5,W2=1,rate=0.5  maxΔβ=5.294e-23  nRMSE(pm=32.459,rg=32.459,Δ=+0.0000)  Gap(pm=10.110,rg=10.110,Δ=+0.0000)  [OK]  (0.6s)
[Fig.6] MLR 10/1   W1=10,W2=1,rate=0.5  maxΔβ=1.457e-16  nRMSE(pm=36.128,rg=36.128,Δ=+0.0000)  Gap(pm=10.062,rg=10.062,Δ=+0.0000)  [OK]  (0.5s)
[Fig.6] MLR 20/1   W1=20,W2=1,rate=0.5  maxΔβ=6.939e-18  nRMSE(pm=38.576,rg=38.576,Δ=+0.0000)  Gap(pm=10.077,rg=10.077,Δ=+0.0000)  [OK]  (0.5s)
[Fig.6] MLR 1/0    W1=1,W2=0,rate=0.5  maxΔβ=4.337e-19  nRMSE(pm=41.209,rg=41.209,Δ=+0.0000)  Gap(pm=10.096,rg=10.096,Δ=+0.0000)  [OK]  (0.5s)

==========================================================================================
Fig.8 (MLR, rate 11점, W1=W2=1)
==========================================================================================
[Fig.8] MLR 0%     W1=1,W2=1,rate=0.0  maxΔβ=2.776e-16  nRMSE(pm=26.398,rg=26.398,Δ=-0.0000)  Gap(pm=13.698,rg=13.698,Δ=+0.0000)  [OK]  (0.5s)
[Fig.8] MLR 10%    W1=1,W2=1,rate=0.1  maxΔβ=0.000e+00  nRMSE(pm=23.991,rg=23.991,Δ=+0.0000)  Gap(pm=11.674,rg=11.674,Δ=+0.0000)  [OK]  (0.5s)
[Fig.8] MLR 20%    W1=1,W2=1,rate=0.2  maxΔβ=0.000e+00  nRMSE(pm=23.316,rg=23.316,Δ=+0.0000)  Gap(pm=10.335,rg=10.335,Δ=+0.0000)  [OK]  (0.6s)
[Fig.8] MLR 30%    W1=1,W2=1,rate=0.3  maxΔβ=0.000e+00  nRMSE(pm=23.019,rg=23.019,Δ=+0.0000)  Gap(pm=9.857,rg=9.857,Δ=+0.0000)  [OK]  (0.7s)
[Fig.8] MLR 40%    W1=1,W2=1,rate=0.4  maxΔβ=2.637e-15  nRMSE(pm=23.021,rg=23.021,Δ=+0.0000)  Gap(pm=10.083,rg=10.083,Δ=+0.0000)  [OK]  (0.5s)
[Fig.8] MLR 50%    W1=1,W2=1,rate=0.5  maxΔβ=1.110e-16  nRMSE(pm=23.420,rg=23.420,Δ=-0.0000)  Gap(pm=10.474,rg=10.474,Δ=+0.0000)  [OK]  (0.5s)
[Fig.8] MLR 60%    W1=1,W2=1,rate=0.6  maxΔβ=2.776e-17  nRMSE(pm=24.119,rg=24.119,Δ=+0.0000)  Gap(pm=10.795,rg=10.795,Δ=+0.0000)  [OK]  (0.5s)
[Fig.8] MLR 70%    W1=1,W2=1,rate=0.7  maxΔβ=0.000e+00  nRMSE(pm=25.918,rg=25.918,Δ=+0.0000)  Gap(pm=10.917,rg=10.917,Δ=+0.0000)  [OK]  (0.5s)
[Fig.8] MLR 80%    W1=1,W2=1,rate=0.8  maxΔβ=0.000e+00  nRMSE(pm=26.967,rg=26.967,Δ=+0.0000)  Gap(pm=11.177,rg=11.177,Δ=+0.0000)  [OK]  (0.5s)
[Fig.8] MLR 90%    W1=1,W2=1,rate=0.9  maxΔβ=1.665e-16  nRMSE(pm=28.412,rg=28.412,Δ=-0.0000)  Gap(pm=11.318,rg=11.318,Δ=+0.0000)  [OK]  (0.5s)
[Fig.8] MLR 100%   W1=1,W2=1,rate=1.0  maxΔβ=5.551e-17  nRMSE(pm=30.449,rg=30.449,Δ=+0.0000)  Gap(pm=11.608,rg=11.608,Δ=-0.0000)  [OK]  (0.5s)

==========================================================================================
종합 요약
==========================================================================================
전체 조건 수: 42
불일치(maxΔβ >= 1e-6) 조건 수: 3

불일치 상세:
  [Fig.3] AR 1/2 W1=1,W2=2,rate=0.5: maxΔβ=5.6013e-06, ΔnRMSE=-0.0000, ΔGap=+0.0000
  [Fig.5] AR 30% W1=1,W2=1,rate=0.3: maxΔβ=3.7865e-06, ΔnRMSE=+0.0000, ΔGap=-0.0000
  [Fig.5] AR 90% W1=1,W2=1,rate=0.9: maxΔβ=8.2328e-06, ΔnRMSE=-0.0000, ΔGap=-0.0000
