==============================================================================
1) 방법8_w2x4_ar_mlr_z03_block18 — 전체 AR 스윕
==============================================================================
======================================================================
  1. 데이터 로딩
======================================================================
  train: 90일(1080행), test: 30일(360행)

======================================================================
  2. AR baseline (bounded LAD, 시간대별)
======================================================================
  AR baseline nRMSE = 36.11%
======================================================================
  1. 데이터 로딩
======================================================================
  train: 90일(1080행), test: 30일(360행)

======================================================================
  2. AR baseline (bounded LAD, 시간대별)
======================================================================
Restricted license - for non-production use only - expires 2027-11-29
  AR baseline nRMSE = 36.11%
  (로딩+baseline 소요: 1.9s)
  Fig3류(W1/W2 10점,rate=0.5): max|dpred|=9.77e-06  max|dNRMSE|=2.44e-06  max|dGap|=7.47e-06
  Fig5류(rate 11점,W1=W2=1):    max|dpred|=3.09e-05  max|dNRMSE|=8.08e-06  max|dGap|=2.44e-05
  (총 소요: 5.4s)

==============================================================================
2) 방법6_pc_conditional_ar_mlr — 전체 AR 스윕
==============================================================================
======================================================================
  1. 데이터 로딩
======================================================================
  train: 90일(1080행), test: 30일(360행)

======================================================================
  2. AR baseline (bounded LAD, 시간대별)
======================================================================
  AR baseline nRMSE = 36.11%
======================================================================
  1. 데이터 로딩
======================================================================
  train: 90일(1080행), test: 30일(360행)

======================================================================
  2. AR baseline (bounded LAD, 시간대별)
======================================================================
  AR baseline nRMSE = 36.11%
  (로딩+baseline 소요: 0.4s)
  Fig3류(W1/W2 10점,rate=0.5): max|dpred|=2.27e-04  max|dNRMSE|=5.72e-05  max|dGap|=1.87e-04
  Fig5류(rate 11점,W1=W2=1):    max|dpred|=1.48e-05  max|dNRMSE|=3.50e-06  max|dGap|=1.67e-05
  (총 소요: 3.8s)

==============================================================================
3) 방법4_pc_max_rt_dt_AR_MLR — 전체 AR 스윕
==============================================================================
======================================================================
  1. 데이터 로딩
======================================================================
  train: 90일(1080행), test: 30일(360행)

======================================================================
  2. AR baseline (bounded LAD)
======================================================================
  AR baseline nRMSE = 36.11%
======================================================================
  1. 데이터 로딩
======================================================================
  train: 90일(1080행), test: 30일(360행)

======================================================================
  2. AR baseline (bounded LAD)
======================================================================
  AR baseline nRMSE = 36.11%
  (로딩+baseline 소요: 0.4s)
  Fig3류(W1/W2 10점,rate=0.5): max|dNRMSE|=6.04e-06  max|dGap|=8.98e-07
  Fig5류(rate 11점,W1=W2=1):    max|dNRMSE|=4.39e-07  max|dGap|=1.18e-07
  (총 소요: 35.1s)

==============================================================================
4) 방법5_pc_da_plus_rt_AR_MLR — 전체 AR 스윕
==============================================================================
======================================================================
  1. 데이터 로딩
======================================================================
  train: 90일(1080행), test: 30일(360행)

======================================================================
  2. AR baseline (bounded LAD)
======================================================================
  AR baseline nRMSE = 36.11%
======================================================================
  1. 데이터 로딩
======================================================================
  train: 90일(1080행), test: 30일(360행)

======================================================================
  2. AR baseline (bounded LAD)
======================================================================
  AR baseline nRMSE = 36.11%
  (로딩+baseline 소요: 0.4s)
  Fig3류(W1/W2 10점,rate=0.5): max|dNRMSE|=4.08e-07  max|dGap|=2.25e-07
  Fig5류(rate 11점,W1=W2=1):    max|dNRMSE|=4.60e-06  max|dGap|=5.20e-06
  (총 소요: 38.8s)

완료
