train 90일, test 30일
AR baseline nRMSE = 36.11%
  baseline Gap(3후보, rate=0.0) = 13.47%  (논문: rate=0.5 -> 15.04%)
  baseline Gap(3후보, rate=0.5) = 14.94%  (논문: rate=0.5 -> 15.04%)
  baseline Gap(3후보, rate=1.0) = 23.46%  (논문: rate=0.5 -> 15.04%)

==============================================================================================================
Weight | rate=0.0 | rate=0.1 | rate=0.3 | rate=0.5 | rate=0.7 | rate=1.0
--------------------------------------------------------------------------------------------------------------
W=  1 nRMSE:  95.56 |  65.43 |  63.73 |  59.13 |  61.02 |  67.59
        Gap  :  14.18 |  12.71 |  11.32 |  10.84 |  11.87 |  12.15
W=  2 nRMSE:  63.78 |  51.39 |  51.20 |  53.22 |  53.23 |  64.41
        Gap  :  14.15 |  12.16 |  11.11 |  11.27 |  11.64 |  12.45
W=  3 nRMSE:  55.44 |  44.34 |  47.97 |  46.50 |  53.93 |  61.63
        Gap  :  13.78 |  11.76 |  10.90 |  11.67 |  11.63 |  12.68
W=  4 nRMSE:  46.60 |  43.42 |  45.65 |  44.64 |  48.97 |  55.03
        Gap  :  13.53 |  11.62 |  11.02 |  11.79 |  11.94 |  12.19
W=  5 nRMSE:  41.01 |  42.17 |  43.33 |  43.72 |  45.74 |  53.17
        Gap  :  13.54 |  11.49 |  11.11 |  11.59 |  11.79 |  12.01
W=  6 nRMSE:  39.76 |  42.92 |  44.22 |  43.17 |  44.99 |  50.57
        Gap  :  13.70 |  11.60 |  11.32 |  11.90 |  13.26 |  12.20
W=  8 nRMSE:  40.35 |  43.35 |  44.25 |  41.16 |  40.20 |  43.71
        Gap  :  13.57 |  11.47 |  11.71 |  12.97 |  13.88 |  14.39
W= 10 nRMSE:  42.11 |  41.28 |  42.42 |  39.06 |  38.98 |  41.71
        Gap  :  13.33 |  11.55 |  11.32 |  12.60 |  14.25 |  15.76
W= 12 nRMSE:  38.73 |  38.56 |  39.82 |  36.95 |  37.88 |  41.33
        Gap  :  12.91 |  11.31 |  11.51 |  12.67 |  13.96 |  15.92
W= 15 nRMSE:  39.02 |  39.01 |  38.38 |  37.05 |  36.61 |  40.50
        Gap  :  12.71 |  11.33 |  11.66 |  13.74 |  14.34 |  16.06

논문 판독값:
nRMSE:  46.00 |  34.00 |  36.00 |  44.45 |  55.00 |  67.00
Gap  :   8.00 |  10.00 |  11.00 |  11.44 |  11.50 |  11.50

==============================================================================================================
Weight(배수 k)별 논문과의 오차(SSE, nRMSE+Gap 합산) — 오라클 3후보(수정판)
==============================================================================================================
Weight=  1: SSE= 4511.54
Weight=  2: SSE=  980.08
Weight=  3: SSE=  411.19
Weight=  4: SSE=  395.78
Weight=  5: SSE=  456.08
Weight=  6: SSE=  596.70
Weight=  8: SSE= 1009.75
Weight= 10: SSE= 1092.85
Weight= 12: SSE= 1149.74
Weight= 15: SSE= 1233.10

최적 Weight(k) = 4  (SSE=395.78)

완료
