======================================================================
1. 대수적 확인 — rate=0일 때 PC=RT+rate*DA=RT, 구간별 기울기
======================================================================
  rate=0.0: PC=20.0  surplus 기울기(DA-RT)=30.0  shortage 기울기(DA-PC)=30.0  (같음! 꺾임 없음)
  rate=0.1: PC=25.0  surplus 기울기(DA-RT)=30.0  shortage 기울기(DA-PC)=25.0  
  rate=0.3: PC=35.0  surplus 기울기(DA-RT)=30.0  shortage 기울기(DA-PC)=15.0  
  rate=0.5: PC=45.0  surplus 기울기(DA-RT)=30.0  shortage 기울기(DA-PC)=5.0  

  -> rate=0이면 PC=RT이 되어 shortage 기울기(DA-PC=DA-RT)가 surplus 기울기(DA-RT)와
     정확히 같아진다(꺾이는 점이 사라짐). DA>RT인 시간대는 두 구간 다 기울기가 양수라
     x=0~1 전 구간에서 이익이 계속 증가 -> 진짜 오라클은 commit=1이다.
     rate>0이면 shortage 기울기가 surplus 기울기보다 rate*DA 만큼 작아지지만,
     그래도 DA-PC = (DA-RT) - rate*DA > 0 인 한(=rate < (DA-RT)/DA), commit=1이
     여전히 commit=actual보다 유리하다 -> 2후보 오라클은 이 구간에서도 틀린다.

======================================================================
2. z03/블록18 테스트셋(30일x12시간=360개) DA vs RT 비교
======================================================================
  DA > RT인 시간대: 226 / 360 = 62.8%
  DA <= RT인 시간대: 134 / 360 = 37.2%
  [참고] rate=0.5(KPI)에서도 shortage 기울기(DA-PC)>0인 시간대: 1 / 360 = 0.3%  (이 시간대는 KPI 지점에서도 2후보 오라클이 여전히 commit=1을 놓친다)

======================================================================
3. 실제 방법8 KPI 지점(rate=0.5, W1=1, W2=20->W2_eff=80) 재현
======================================================================
  2후보 Gap = 14.55%  (오라클합=213556.9, 실현합=182491.6)  <- 현재 보고서 표1 값(14.55%)과 비교
  3후보 Gap = 14.55%  (오라클합=213560.0, 실현합=182491.6)
  commit=1이 진짜 오라클인 시간대: 1/360 (0.3%)
  Gap 차이(3후보-2후보): +0.00%p

======================================================================
4. rate=0 지점(Fig.5/8과 동일 조건: W1=1, W2=1->W2_eff=4) 재현 — 가장 극단적 사례
======================================================================
  2후보 Gap = 6.48%  (오라클합=213556.9, 실현합=199713.7)
  3후보 Gap = 13.53%  (오라클합=230952.0, 실현합=199713.7)
  commit=1이 진짜 오라클인 시간대: 226/360 (62.8%)
  Gap 차이(3후보-2후보): +7.04%p

======================================================================
5. Fig.5/8 rate 스윕 전체(W1=W2=1, W2_eff=4) — rate별 2후보 vs 3후보 Gap
======================================================================
  rate=0.0: 2후보Gap=  6.48%  3후보Gap= 13.53%  차이= +7.04%p  commit=1오라클 시간대=226/360(62.8%)
  rate=0.1: 2후보Gap=  7.90%  3후보Gap= 11.62%  차이= +3.72%p  commit=1오라클 시간대=142/360(39.4%)
  rate=0.2: 2후보Gap=  9.98%  3후보Gap= 11.52%  차이= +1.54%p  commit=1오라클 시간대= 77/360(21.4%)
  rate=0.3: 2후보Gap= 10.65%  3후보Gap= 11.02%  차이= +0.37%p  commit=1오라클 시간대= 29/360( 8.1%)
  rate=0.4: 2후보Gap= 11.57%  3후보Gap= 11.61%  차이= +0.04%p  commit=1오라클 시간대=  4/360( 1.1%)
  rate=0.5: 2후보Gap= 11.79%  3후보Gap= 11.79%  차이= +0.00%p  commit=1오라클 시간대=  1/360( 0.3%)
  rate=0.6: 2후보Gap= 11.29%  3후보Gap= 11.29%  차이= +0.00%p  commit=1오라클 시간대=  0/360( 0.0%)
  rate=0.7: 2후보Gap= 11.94%  3후보Gap= 11.94%  차이= +0.00%p  commit=1오라클 시간대=  0/360( 0.0%)
  rate=0.8: 2후보Gap= 12.08%  3후보Gap= 12.08%  차이= +0.00%p  commit=1오라클 시간대=  0/360( 0.0%)
  rate=0.9: 2후보Gap= 11.83%  3후보Gap= 11.83%  차이= +0.00%p  commit=1오라클 시간대=  0/360( 0.0%)
  rate=1.0: 2후보Gap= 12.19%  3후보Gap= 12.19%  차이= +0.00%p  commit=1오라클 시간대=  0/360( 0.0%)

완료
