==============================================================================
1) 방법8_w2x4_ar_mlr_z03_block18
==============================================================================
======================================================================
  1. 데이터 로딩
======================================================================
  train: 90일(1080행), test: 30일(360행)

======================================================================
  2. AR baseline (bounded LAD, 시간대별)
======================================================================
  AR baseline nRMSE = 36.11%
======================================================================
  1. 데이터 로딩
======================================================================
  train: 90일(1080행), test: 30일(360행)

======================================================================
  2. AR baseline (bounded LAD, 시간대별)
======================================================================
Restricted license - for non-production use only - expires 2027-11-29
  AR baseline nRMSE = 36.11%
  baseline AR nRMSE:  scipy=36.112666%   gurobi=36.112666%   diff=2.19e-07
  예측값 최대절대차(pred_s vs pred_g): 1.243e-14
  KPI(rate=0.5,W1=1,W2=20) nRMSE:  scipy=36.319603%  gurobi=36.319603%  diff=3.55e-14
  KPI(rate=0.5,W1=1,W2=20) Gap  :  scipy=14.547849%  gurobi=14.547849%  diff=0.00e+00
  실행시간: scipy=1.5s  gurobi=0.2s

==============================================================================
2) 방법6_pc_conditional_ar_mlr
==============================================================================
======================================================================
  1. 데이터 로딩
======================================================================
  train: 90일(1080행), test: 30일(360행)

======================================================================
  2. AR baseline (bounded LAD, 시간대별)
======================================================================
  AR baseline nRMSE = 36.11%
======================================================================
  1. 데이터 로딩
======================================================================
  train: 90일(1080행), test: 30일(360행)

======================================================================
  2. AR baseline (bounded LAD, 시간대별)
======================================================================
  AR baseline nRMSE = 36.11%
  baseline AR nRMSE:  scipy=36.112666%   gurobi=36.112666%   diff=2.19e-07
  예측값 최대절대차(pred_s vs pred_g): 2.855e-06
  KPI(rate=0.5,W1=1,W2=20) nRMSE:  scipy=35.011235%  gurobi=35.011235%  diff=3.11e-07
  KPI(rate=0.5,W1=1,W2=20) Gap  :  scipy=14.063291%  gurobi=14.063291%  diff=2.56e-07
  실행시간: scipy=0.2s  gurobi=0.2s

==============================================================================
3) 방법4_pc_max_rt_dt_AR_MLR
==============================================================================
======================================================================
  1. 데이터 로딩
======================================================================
  train: 90일(1080행), test: 30일(360행)

======================================================================
  2. AR baseline (bounded LAD)
======================================================================
  AR baseline nRMSE = 36.11%
======================================================================
  1. 데이터 로딩
======================================================================
  train: 90일(1080행), test: 30일(360행)

======================================================================
  2. AR baseline (bounded LAD)
======================================================================
  AR baseline nRMSE = 36.11%
  baseline AR nRMSE:  scipy=36.112666%   gurobi=36.112666%   diff=2.19e-07
  KPI(rate=0.5,W1=1,W2=20) nRMSE:  scipy=43.639747%  gurobi=43.639747%  diff=2.03e-10
  KPI(rate=0.5,W1=1,W2=20) Gap  :  scipy=22.041726%  gurobi=22.041726%  diff=6.60e-11
  실행시간: scipy=0.2s  gurobi=0.2s

==============================================================================
4) 방법5_pc_da_plus_rt_AR_MLR
==============================================================================
======================================================================
  1. 데이터 로딩
======================================================================
  train: 90일(1080행), test: 30일(360행)

======================================================================
  2. AR baseline (bounded LAD)
======================================================================
  AR baseline nRMSE = 36.11%
======================================================================
  1. 데이터 로딩
======================================================================
  train: 90일(1080행), test: 30일(360행)

======================================================================
  2. AR baseline (bounded LAD)
======================================================================
  AR baseline nRMSE = 36.11%
  baseline AR nRMSE:  scipy=36.112666%   gurobi=36.112666%   diff=2.19e-07
  KPI(rate=0.5,W1=1,W2=20) nRMSE:  scipy=37.629103%  gurobi=37.629102%  diff=4.08e-07
  KPI(rate=0.5,W1=1,W2=20) Gap  :  scipy=10.325522%  gurobi=10.325522%  diff=2.25e-07
  실행시간: scipy=0.2s  gurobi=0.2s

완료
